// Jest Snapshot v1, https://goo.gl/fbAQLP

exports[`Atoms/Input All smoke-test 2`] = `
<div class="flex flex-col">
  <label for="input"
         class="text-md mb-1"
  >
    Enter text here
  </label>
  <input id="input"
         type="text"
         class="border-[1px] border-secondary rounded-md"
         value
         style
  >
</div>
`;
